// Jest Snapshot v1, https://goo.gl/fbAQLP

exports[`Banners component renders correctly 1`] = `
<RNCSafeAreaProvider
  onInsetsChange={[Function]}
  style={
    [
      {
        "flex": 1,
      },
      undefined,
    ]
  }
>
  <RNSScreenStack
    style={
      {
        "flex": 1,
      }
    }
  >
    <RNSScreen
      collapsable={false}
      gestureResponseDistance={
        {
          "bottom": -1,
          "end": -1,
          "start": -1,
          "top": -1,
        }
      }
      nativeBackButtonDismissalEnabled={false}
      onAppear={[Function]}
      onDisappear={[Function]}
      onDismissed={[Function]}
      onHeaderBackButtonClicked={[Function]}
      onNativeDismissCancelled={[Function]}
      onTransitionProgress={[Function]}
      onWillDisappear={[Function]}
      replaceAnimation="push"
      sheetAllowedDetents="large"
      sheetCornerRadius={-1}
      sheetExpandsWhenScrolledToEdge={true}
      sheetGrabberVisible={false}
      sheetLargestUndimmedDetent="all"
      stackPresentation="push"
      style={
        {
          "bottom": 0,
          "left": 0,
          "position": "absolute",
          "right": 0,
          "top": 0,
        }
      }
      swipeDirection="horizontal"
    >
      <View
        accessibilityElementsHidden={false}
        importantForAccessibility="auto"
        style={
          {
            "flex": 1,
            "flexDirection": "column-reverse",
          }
        }
      >
        <View
          collapsable={false}
          style={
            [
              {
                "flex": 1,
              },
              {
                "backgroundColor": "rgb(242, 242, 242)",
              },
              undefined,
            ]
          }
        >
          <View
            style={
              {
                "height": 283,
              }
            }
          >
            <RCTScrollView
              data={
                [
                  {
                    "id": 1,
                    "image": 1,
                    "title": "20% off on your first purchase",
                  },
                  {
                    "id": 2,
                    "image": 1,
                    "title": "20% off on your first purchase",
                  },
                  {
                    "id": 3,
                    "image": 1,
                    "title": "20% off on your first purchase",
                  },
                  {
                    "id": 4,
                    "image": 1,
                    "title": "20% off on your first purchase",
                  },
                ]
              }
              getItem={[Function]}
              getItemCount={[Function]}
              horizontal={true}
              keyExtractor={[Function]}
              onContentSizeChange={[Function]}
              onLayout={[Function]}
              onMomentumScrollBegin={[Function]}
              onMomentumScrollEnd={[Function]}
              onScroll={[Function]}
              onScrollBeginDrag={[Function]}
              onScrollEndDrag={[Function]}
              pagingEnabled={true}
              removeClippedSubviews={false}
              renderItem={[Function]}
              scrollEventThrottle={50}
              showsHorizontalScrollIndicator={false}
              stickyHeaderIndices={[]}
              viewabilityConfigCallbackPairs={
                [
                  {
                    "onViewableItemsChanged": [Function],
                    "viewabilityConfig": {
                      "viewAreaCoveragePercentThreshold": 100,
                      "waitForInteraction": true,
                    },
                  },
                ]
              }
            >
              <View>
                <View
                  onFocusCapture={[Function]}
                  onLayout={[Function]}
                  style={
                    [
                      {
                        "flexDirection": "row",
                      },
                      null,
                    ]
                  }
                >
                  <View
                    accessibilityIgnoresInvertColors={true}
                    style={
                      [
                        {
                          "flex": 1,
                          "justifyContent": "center",
                          "paddingHorizontal": 45,
                          "paddingTop": 45,
                          "width": "100%",
                        },
                        {
                          "width": 0,
                        },
                      ]
                    }
                  >
                    <Image
                      resizeMode="cover"
                      source={1}
                      style={
                        [
                          {
                            "bottom": 0,
                            "left": 0,
                            "position": "absolute",
                            "right": 0,
                            "top": 0,
                          },
                          {
                            "height": undefined,
                            "width": 0,
                          },
                          undefined,
                        ]
                      }
                    />
                    <Text
                      style={
                        [
                          {
                            "color": "#000000",
                          },
                          {
                            "fontFamily": "Poppins-SemiBold",
                          },
                          {
                            "fontSize": 20,
                          },
                          {
                            "width": 175,
                          },
                        ]
                      }
                    >
                      20% off on your first purchase
                    </Text>
                  </View>
                </View>
                <View
                  onFocusCapture={[Function]}
                  onLayout={[Function]}
                  style={
                    [
                      {
                        "flexDirection": "row",
                      },
                      null,
                    ]
                  }
                >
                  <View
                    accessibilityIgnoresInvertColors={true}
                    style={
                      [
                        {
                          "flex": 1,
                          "justifyContent": "center",
                          "paddingHorizontal": 45,
                          "paddingTop": 45,
                          "width": "100%",
                        },
                        {
                          "width": 0,
                        },
                      ]
                    }
                  >
                    <Image
                      resizeMode="cover"
                      source={1}
                      style={
                        [
                          {
                            "bottom": 0,
                            "left": 0,
                            "position": "absolute",
                            "right": 0,
                            "top": 0,
                          },
                          {
                            "height": undefined,
                            "width": 0,
                          },
                          undefined,
                        ]
                      }
                    />
                    <Text
                      style={
                        [
                          {
                            "color": "#000000",
                          },
                          {
                            "fontFamily": "Poppins-SemiBold",
                          },
                          {
                            "fontSize": 20,
                          },
                          {
                            "width": 175,
                          },
                        ]
                      }
                    >
                      20% off on your first purchase
                    </Text>
                  </View>
                </View>
                <View
                  onFocusCapture={[Function]}
                  onLayout={[Function]}
                  style={
                    [
                      {
                        "flexDirection": "row",
                      },
                      null,
                    ]
                  }
                >
                  <View
                    accessibilityIgnoresInvertColors={true}
                    style={
                      [
                        {
                          "flex": 1,
                          "justifyContent": "center",
                          "paddingHorizontal": 45,
                          "paddingTop": 45,
                          "width": "100%",
                        },
                        {
                          "width": 0,
                        },
                      ]
                    }
                  >
                    <Image
                      resizeMode="cover"
                      source={1}
                      style={
                        [
                          {
                            "bottom": 0,
                            "left": 0,
                            "position": "absolute",
                            "right": 0,
                            "top": 0,
                          },
                          {
                            "height": undefined,
                            "width": 0,
                          },
                          undefined,
                        ]
                      }
                    />
                    <Text
                      style={
                        [
                          {
                            "color": "#000000",
                          },
                          {
                            "fontFamily": "Poppins-SemiBold",
                          },
                          {
                            "fontSize": 20,
                          },
                          {
                            "width": 175,
                          },
                        ]
                      }
                    >
                      20% off on your first purchase
                    </Text>
                  </View>
                </View>
                <View
                  onFocusCapture={[Function]}
                  onLayout={[Function]}
                  style={
                    [
                      {
                        "flexDirection": "row",
                      },
                      null,
                    ]
                  }
                >
                  <View
                    accessibilityIgnoresInvertColors={true}
                    style={
                      [
                        {
                          "flex": 1,
                          "justifyContent": "center",
                          "paddingHorizontal": 45,
                          "paddingTop": 45,
                          "width": "100%",
                        },
                        {
                          "width": 0,
                        },
                      ]
                    }
                  >
                    <Image
                      resizeMode="cover"
                      source={1}
                      style={
                        [
                          {
                            "bottom": 0,
                            "left": 0,
                            "position": "absolute",
                            "right": 0,
                            "top": 0,
                          },
                          {
                            "height": undefined,
                            "width": 0,
                          },
                          undefined,
                        ]
                      }
                    />
                    <Text
                      style={
                        [
                          {
                            "color": "#000000",
                          },
                          {
                            "fontFamily": "Poppins-SemiBold",
                          },
                          {
                            "fontSize": 20,
                          },
                          {
                            "width": 175,
                          },
                        ]
                      }
                    >
                      20% off on your first purchase
                    </Text>
                  </View>
                </View>
              </View>
            </RCTScrollView>
            <View
              style={
                {
                  "bottom": 30,
                  "columnGap": 5,
                  "flexDirection": "row",
                  "left": 15,
                  "position": "absolute",
                }
              }
            >
              <View
                style={
                  [
                    {
                      "backgroundColor": "#EBFFD7",
                      "borderRadius": 4,
                      "height": 8,
                      "width": 8,
                    },
                    {
                      "backgroundColor": "#AEDC81",
                      "width": 32,
                    },
                  ]
                }
                testID="indicator"
              />
              <View
                style={
                  [
                    {
                      "backgroundColor": "#EBFFD7",
                      "borderRadius": 4,
                      "height": 8,
                      "width": 8,
                    },
                    {},
                  ]
                }
                testID="indicator"
              />
              <View
                style={
                  [
                    {
                      "backgroundColor": "#EBFFD7",
                      "borderRadius": 4,
                      "height": 8,
                      "width": 8,
                    },
                    {},
                  ]
                }
                testID="indicator"
              />
              <View
                style={
                  [
                    {
                      "backgroundColor": "#EBFFD7",
                      "borderRadius": 4,
                      "height": 8,
                      "width": 8,
                    },
                    {},
                  ]
                }
                testID="indicator"
              />
            </View>
          </View>
        </View>
      </View>
      <RNSScreenStackHeaderConfig
        backButtonInCustomView={false}
        backTitleVisible={true}
        backgroundColor="rgb(255, 255, 255)"
        color="rgb(0, 122, 255)"
        direction="ltr"
        disableBackButtonMenu={false}
        hidden={false}
        hideBackButton={false}
        largeTitleHideShadow={false}
        title="test"
        titleColor="rgb(28, 28, 30)"
        topInsetEnabled={false}
        translucent={false}
      />
    </RNSScreen>
  </RNSScreenStack>
</RNCSafeAreaProvider>
`;
