// Jest Snapshot v1, https://goo.gl/fbAQLP

exports[`OtpInput component renders correctly 1`] = `
<RNCSafeAreaProvider
  onInsetsChange={[Function]}
  style={
    [
      {
        "flex": 1,
      },
      undefined,
    ]
  }
>
  <RNSScreenStack
    style={
      {
        "flex": 1,
      }
    }
  >
    <RNSScreen
      collapsable={false}
      gestureResponseDistance={
        {
          "bottom": -1,
          "end": -1,
          "start": -1,
          "top": -1,
        }
      }
      nativeBackButtonDismissalEnabled={false}
      onAppear={[Function]}
      onDisappear={[Function]}
      onDismissed={[Function]}
      onHeaderBackButtonClicked={[Function]}
      onNativeDismissCancelled={[Function]}
      onTransitionProgress={[Function]}
      onWillDisappear={[Function]}
      replaceAnimation="push"
      sheetAllowedDetents="large"
      sheetCornerRadius={-1}
      sheetExpandsWhenScrolledToEdge={true}
      sheetGrabberVisible={false}
      sheetLargestUndimmedDetent="all"
      stackPresentation="push"
      style={
        {
          "bottom": 0,
          "left": 0,
          "position": "absolute",
          "right": 0,
          "top": 0,
        }
      }
      swipeDirection="horizontal"
    >
      <View
        accessibilityElementsHidden={false}
        importantForAccessibility="auto"
        style={
          {
            "flex": 1,
            "flexDirection": "column-reverse",
          }
        }
      >
        <View
          collapsable={false}
          style={
            [
              {
                "flex": 1,
              },
              {
                "backgroundColor": "rgb(242, 242, 242)",
              },
              undefined,
            ]
          }
        >
          <View
            style={
              {
                "rowGap": 15,
              }
            }
          >
            <View
              style={
                {
                  "rowGap": 10,
                }
              }
            >
              <View
                style={
                  {
                    "alignItems": "center",
                    "flexDirection": "row",
                    "justifyContent": "space-between",
                  }
                }
              >
                <TextInput
                  keyboardType="numeric"
                  maxLength={1}
                  onChangeText={[Function]}
                  onKeyPress={[Function]}
                  placeholder="●"
                  placeholderTextColor="#000000"
                  style={
                    {
                      "backgroundColor": "#FFFFFF",
                      "borderRadius": 5,
                      "fontSize": 20,
                      "height": 60,
                      "textAlign": "center",
                      "width": 55,
                    }
                  }
                  value=""
                />
                <TextInput
                  keyboardType="numeric"
                  maxLength={1}
                  onChangeText={[Function]}
                  onKeyPress={[Function]}
                  placeholder="●"
                  placeholderTextColor="#000000"
                  style={
                    {
                      "backgroundColor": "#FFFFFF",
                      "borderRadius": 5,
                      "fontSize": 20,
                      "height": 60,
                      "textAlign": "center",
                      "width": 55,
                    }
                  }
                  value=""
                />
                <TextInput
                  keyboardType="numeric"
                  maxLength={1}
                  onChangeText={[Function]}
                  onKeyPress={[Function]}
                  placeholder="●"
                  placeholderTextColor="#000000"
                  style={
                    {
                      "backgroundColor": "#FFFFFF",
                      "borderRadius": 5,
                      "fontSize": 20,
                      "height": 60,
                      "textAlign": "center",
                      "width": 55,
                    }
                  }
                  value=""
                />
                <TextInput
                  keyboardType="numeric"
                  maxLength={1}
                  onChangeText={[Function]}
                  onKeyPress={[Function]}
                  placeholder="●"
                  placeholderTextColor="#000000"
                  style={
                    {
                      "backgroundColor": "#FFFFFF",
                      "borderRadius": 5,
                      "fontSize": 20,
                      "height": 60,
                      "textAlign": "center",
                      "width": 55,
                    }
                  }
                  value=""
                />
                <TextInput
                  keyboardType="numeric"
                  maxLength={1}
                  onChangeText={[Function]}
                  onKeyPress={[Function]}
                  placeholder="●"
                  placeholderTextColor="#000000"
                  style={
                    {
                      "backgroundColor": "#FFFFFF",
                      "borderRadius": 5,
                      "fontSize": 20,
                      "height": 60,
                      "textAlign": "center",
                      "width": 55,
                    }
                  }
                  value=""
                />
                <TextInput
                  keyboardType="numeric"
                  maxLength={1}
                  onChangeText={[Function]}
                  onKeyPress={[Function]}
                  placeholder="●"
                  placeholderTextColor="#000000"
                  style={
                    {
                      "backgroundColor": "#FFFFFF",
                      "borderRadius": 5,
                      "fontSize": 20,
                      "height": 60,
                      "textAlign": "center",
                      "width": 55,
                    }
                  }
                  value=""
                />
              </View>
              <View
                accessibilityState={
                  {
                    "disabled": true,
                  }
                }
                accessibilityValue={
                  {
                    "max": undefined,
                    "min": undefined,
                    "now": undefined,
                    "text": undefined,
                  }
                }
                accessible={true}
                focusable={true}
                onClick={[Function]}
                onResponderGrant={[Function]}
                onResponderMove={[Function]}
                onResponderRelease={[Function]}
                onResponderTerminate={[Function]}
                onResponderTerminationRequest={[Function]}
                onStartShouldSetResponder={[Function]}
                style={
                  [
                    {
                      "alignItems": "center",
                      "backgroundColor": "#6CC51D",
                      "borderRadius": 5,
                      "flexDirection": "row",
                    },
                    {
                      "opacity": 0.5,
                    },
                    undefined,
                  ]
                }
              >
                <View
                  style={
                    {
                      "flexGrow": 1,
                      "paddingVertical": 20,
                    }
                  }
                >
                  <Text
                    style={
                      [
                        {
                          "color": "#000000",
                        },
                        {
                          "fontFamily": "Poppins-SemiBold",
                        },
                        {
                          "fontSize": 15,
                        },
                        {
                          "color": "#FFFFFF",
                          "textAlign": "center",
                        },
                      ]
                    }
                  >
                    Next
                  </Text>
                </View>
              </View>
            </View>
            <View
              style={
                {
                  "alignItems": "center",
                }
              }
            >
              <Text
                style={
                  [
                    {
                      "color": "#000000",
                    },
                    {
                      "fontFamily": "Poppins-Regular",
                    },
                    {
                      "fontSize": 15,
                    },
                    undefined,
                  ]
                }
              >
                Didn't receive the code ?
              </Text>
              <Text
                onPress={[Function]}
                style={
                  [
                    {
                      "color": "#000000",
                    },
                    {
                      "fontFamily": "Poppins-Medium",
                    },
                    {
                      "fontSize": 15,
                    },
                    undefined,
                  ]
                }
              >
                Resend a new code
              </Text>
            </View>
          </View>
        </View>
      </View>
      <RNSScreenStackHeaderConfig
        backButtonInCustomView={false}
        backTitleVisible={true}
        backgroundColor="rgb(255, 255, 255)"
        color="rgb(0, 122, 255)"
        direction="ltr"
        disableBackButtonMenu={false}
        hidden={false}
        hideBackButton={false}
        largeTitleHideShadow={false}
        title="test"
        titleColor="rgb(28, 28, 30)"
        topInsetEnabled={false}
        translucent={false}
      />
    </RNSScreen>
  </RNSScreenStack>
</RNCSafeAreaProvider>
`;
