// Jest Snapshot v1, https://goo.gl/fbAQLP

exports[`SearchBar component renders correctly 1`] = `
<RNCSafeAreaProvider
  onInsetsChange={[Function]}
  style={
    [
      {
        "flex": 1,
      },
      undefined,
    ]
  }
>
  <RNSScreenStack
    style={
      {
        "flex": 1,
      }
    }
  >
    <RNSScreen
      collapsable={false}
      gestureResponseDistance={
        {
          "bottom": -1,
          "end": -1,
          "start": -1,
          "top": -1,
        }
      }
      nativeBackButtonDismissalEnabled={false}
      onAppear={[Function]}
      onDisappear={[Function]}
      onDismissed={[Function]}
      onHeaderBackButtonClicked={[Function]}
      onNativeDismissCancelled={[Function]}
      onTransitionProgress={[Function]}
      onWillDisappear={[Function]}
      replaceAnimation="push"
      sheetAllowedDetents="large"
      sheetCornerRadius={-1}
      sheetExpandsWhenScrolledToEdge={true}
      sheetGrabberVisible={false}
      sheetLargestUndimmedDetent="all"
      stackPresentation="push"
      style={
        {
          "bottom": 0,
          "left": 0,
          "position": "absolute",
          "right": 0,
          "top": 0,
        }
      }
      swipeDirection="horizontal"
    >
      <View
        accessibilityElementsHidden={false}
        importantForAccessibility="auto"
        style={
          {
            "flex": 1,
            "flexDirection": "column-reverse",
          }
        }
      >
        <View
          collapsable={false}
          style={
            [
              {
                "flex": 1,
              },
              {
                "backgroundColor": "rgb(242, 242, 242)",
              },
              undefined,
            ]
          }
        >
          <View
            style={
              [
                {
                  "alignItems": "center",
                  "backgroundColor": "#FFFFFF",
                  "borderColor": "#FFFFFF",
                  "borderRadius": 5,
                  "borderWidth": 1,
                  "flexDirection": "row",
                },
                {
                  "backgroundColor": "#F4F5F9",
                },
                null,
              ]
            }
            testID="Input"
          >
            <View
              style={
                {
                  "flex": 1,
                  "paddingHorizontal": 28,
                }
              }
            >
              <RNSVGSvgView
                bbHeight="20"
                bbWidth="20"
                fill="none"
                focusable={false}
                height={20}
                style={
                  [
                    {
                      "backgroundColor": "transparent",
                      "borderWidth": 0,
                    },
                    {
                      "flex": 0,
                      "height": 20,
                      "width": 20,
                    },
                  ]
                }
                width={20}
              >
                <RNSVGGroup
                  fill={null}
                  propList={
                    [
                      "fill",
                    ]
                  }
                >
                  <RNSVGPath
                    d="m18.506 17.328-4.438-4.437a7.879 7.879 0 0 0 1.765-4.973C15.833 3.553 12.281 0 7.917 0 3.552.001 0 3.553 0 7.918s3.552 7.916 7.917 7.916a7.879 7.879 0 0 0 4.973-1.765l4.437 4.438a.831.831 0 0 0 1.179 0 .832.832 0 0 0 0-1.179Zm-10.59-3.16a6.256 6.256 0 0 1-6.25-6.25 6.256 6.256 0 0 1 6.25-6.25 6.256 6.256 0 0 1 6.25 6.25 6.256 6.256 0 0 1-6.25 6.25Z"
                    fill={
                      {
                        "payload": 4287006857,
                        "type": 0,
                      }
                    }
                    propList={
                      [
                        "fill",
                      ]
                    }
                  />
                </RNSVGGroup>
              </RNSVGSvgView>
            </View>
            <TextInput
              autoComplete="off"
              onChangeText={[Function]}
              onSubmitEditing={[Function]}
              placeholder="Search keywords.."
              secureTextEntry={false}
              style={
                [
                  {
                    "flex": 10,
                    "paddingVertical": 20,
                  },
                  undefined,
                ]
              }
              testID="Input-TextInput"
              value=""
            />
            <View
              accessibilityState={
                {
                  "busy": undefined,
                  "checked": undefined,
                  "disabled": undefined,
                  "expanded": undefined,
                  "selected": undefined,
                }
              }
              accessibilityValue={
                {
                  "max": undefined,
                  "min": undefined,
                  "now": undefined,
                  "text": undefined,
                }
              }
              accessible={true}
              collapsable={false}
              focusable={true}
              onClick={[Function]}
              onResponderGrant={[Function]}
              onResponderMove={[Function]}
              onResponderRelease={[Function]}
              onResponderTerminate={[Function]}
              onResponderTerminationRequest={[Function]}
              onStartShouldSetResponder={[Function]}
              style={
                {
                  "flex": 1,
                  "opacity": 1,
                  "paddingHorizontal": 28,
                }
              }
            />
          </View>
        </View>
      </View>
      <RNSScreenStackHeaderConfig
        backButtonInCustomView={false}
        backTitleVisible={true}
        backgroundColor="rgb(255, 255, 255)"
        color="rgb(0, 122, 255)"
        direction="ltr"
        disableBackButtonMenu={false}
        hidden={false}
        hideBackButton={false}
        largeTitleHideShadow={false}
        title="test"
        titleColor="rgb(28, 28, 30)"
        topInsetEnabled={false}
        translucent={false}
      />
    </RNSScreen>
  </RNSScreenStack>
</RNCSafeAreaProvider>
`;
