// Jest Snapshot v1, https://goo.gl/fbAQLP

exports[`Button component renders correctly 1`] = `
<RNCSafeAreaProvider
  onInsetsChange={[Function]}
  style={
    [
      {
        "flex": 1,
      },
      undefined,
    ]
  }
>
  <RNSScreenStack
    style={
      {
        "flex": 1,
      }
    }
  >
    <RNSScreen
      collapsable={false}
      gestureResponseDistance={
        {
          "bottom": -1,
          "end": -1,
          "start": -1,
          "top": -1,
        }
      }
      nativeBackButtonDismissalEnabled={false}
      onAppear={[Function]}
      onDisappear={[Function]}
      onDismissed={[Function]}
      onHeaderBackButtonClicked={[Function]}
      onNativeDismissCancelled={[Function]}
      onTransitionProgress={[Function]}
      onWillDisappear={[Function]}
      replaceAnimation="push"
      sheetAllowedDetents="large"
      sheetCornerRadius={-1}
      sheetExpandsWhenScrolledToEdge={true}
      sheetGrabberVisible={false}
      sheetLargestUndimmedDetent="all"
      stackPresentation="push"
      style={
        {
          "bottom": 0,
          "left": 0,
          "position": "absolute",
          "right": 0,
          "top": 0,
        }
      }
      swipeDirection="horizontal"
    >
      <View
        accessibilityElementsHidden={false}
        importantForAccessibility="auto"
        style={
          {
            "flex": 1,
            "flexDirection": "column-reverse",
          }
        }
      >
        <View
          collapsable={false}
          style={
            [
              {
                "flex": 1,
              },
              {
                "backgroundColor": "rgb(242, 242, 242)",
              },
              undefined,
            ]
          }
        >
          <View
            accessibilityValue={
              {
                "max": undefined,
                "min": undefined,
                "now": undefined,
                "text": undefined,
              }
            }
            accessible={true}
            focusable={true}
            onClick={[Function]}
            onResponderGrant={[Function]}
            onResponderMove={[Function]}
            onResponderRelease={[Function]}
            onResponderTerminate={[Function]}
            onResponderTerminationRequest={[Function]}
            onStartShouldSetResponder={[Function]}
            style={
              [
                {
                  "alignItems": "center",
                  "backgroundColor": "#6CC51D",
                  "borderRadius": 5,
                  "flexDirection": "row",
                },
                null,
                undefined,
              ]
            }
          >
            <View
              style={
                {
                  "flexGrow": 1,
                  "paddingVertical": 20,
                }
              }
            >
              <View
                style={
                  {
                    "alignItems": "flex-start",
                    "bottom": 0,
                    "justifyContent": "center",
                    "left": 30,
                    "position": "absolute",
                    "right": 0,
                    "top": 0,
                  }
                }
              >
                <RNSVGSvgView
                  bbHeight="23"
                  bbWidth="18"
                  fill="none"
                  focusable={false}
                  height={23}
                  style={
                    [
                      {
                        "backgroundColor": "transparent",
                        "borderWidth": 0,
                      },
                      {
                        "flex": 0,
                        "height": 23,
                        "width": 18,
                      },
                    ]
                  }
                  testID="Button-icon"
                  width={18}
                >
                  <RNSVGGroup
                    fill={null}
                    propList={
                      [
                        "fill",
                      ]
                    }
                  >
                    <RNSVGPath
                      d="M15.094 23H2.156A2.159 2.159 0 0 1 0 20.844V10.78c0-1.19.968-2.156 2.156-2.156h12.938c1.188 0 2.156.967 2.156 2.156v10.063c0 1.19-.968 2.156-2.156 2.156ZM2.156 10.062a.72.72 0 0 0-.719.72v10.062a.72.72 0 0 0 .72.718h12.937a.72.72 0 0 0 .719-.718V10.78a.72.72 0 0 0-.72-.719H2.157Z"
                      fill={
                        {
                          "payload": 4287006857,
                          "type": 0,
                        }
                      }
                      propList={
                        [
                          "fill",
                        ]
                      }
                    />
                    <RNSVGPath
                      d="M13.656 10.063a.719.719 0 0 1-.719-.72V5.75a4.318 4.318 0 0 0-4.312-4.313A4.318 4.318 0 0 0 4.312 5.75v3.594a.719.719 0 0 1-1.437 0V5.75A5.756 5.756 0 0 1 8.625 0a5.756 5.756 0 0 1 5.75 5.75v3.594a.719.719 0 0 1-.719.719Z"
                      fill={
                        {
                          "payload": 4287006857,
                          "type": 0,
                        }
                      }
                      propList={
                        [
                          "fill",
                        ]
                      }
                    />
                  </RNSVGGroup>
                </RNSVGSvgView>
              </View>
              <Text
                style={
                  [
                    {
                      "color": "#000000",
                    },
                    {
                      "fontFamily": "Poppins-SemiBold",
                    },
                    {
                      "fontSize": 15,
                    },
                    {
                      "color": "#FFFFFF",
                      "textAlign": "center",
                    },
                  ]
                }
              >
                Hello world
              </Text>
            </View>
          </View>
        </View>
      </View>
      <RNSScreenStackHeaderConfig
        backButtonInCustomView={false}
        backTitleVisible={true}
        backgroundColor="rgb(255, 255, 255)"
        color="rgb(0, 122, 255)"
        direction="ltr"
        disableBackButtonMenu={false}
        hidden={false}
        hideBackButton={false}
        largeTitleHideShadow={false}
        title="test"
        titleColor="rgb(28, 28, 30)"
        topInsetEnabled={false}
        translucent={false}
      />
    </RNSScreen>
  </RNSScreenStack>
</RNCSafeAreaProvider>
`;
